npm notice run main-server@1.0.0 npx
npm notice run 'nodemon' server.js
[33m[nodemon] 3.1.14[39m
[33m[nodemon] to restart at any time, enter `rs`[39m
[33m[nodemon] watching path(s): *.*[39m
[33m[nodemon] watching extensions: js,mjs,cjs,json[39m
[32m[nodemon] starting `node server.js`[39m
Сервер запущен на порту 8080
[32m[nodemon] clean exit - waiting for changes before restart[39m
[32m[nodemon] restarting child process[39m
[32m[nodemon] starting `node server.js`[39m
Сервер запущен на порту 8080
[32m[nodemon] restarting due to changes...[39m
[32m[nodemon] starting `node server.js`[39m
Сервер запущен на порту 8080
[32m[nodemon] restarting due to changes...[39m
[32m[nodemon] starting `node server.js`[39m
Сервер запущен на порту 8080
[32m[nodemon] restarting due to changes...[39m
[32m[nodemon] starting `node server.js`[39m
Сервер запущен на порту 8080
[32m[nodemon] restarting due to changes...[39m
[32m[nodemon] starting `node server.js`[39m
Сервер запущен на порту 8080
[32m[nodemon] restarting due to changes...[39m
[32m[nodemon] starting `node server.js`[39m
Сервер запущен на порту 8080
[32m[nodemon] restarting due to changes...[39m
[32m[nodemon] starting `node server.js`[39m
Сервер запущен на порту 8080
[32m[nodemon] restarting due to changes...[39m
[32m[nodemon] starting `node server.js`[39m
Сервер запущен на порту 8080
[32m[nodemon] restarting due to changes...[39m
[32m[nodemon] starting `node server.js`[39m
[32m[nodemon] restarting due to changes...[39m
[32m[nodemon] starting `node server.js`[39m
Сервер запущен на порту 8080
[32m[nodemon] restarting due to changes...[39m
[32m[nodemon] starting `node server.js`[39m
[32m[nodemon] restarting due to changes...[39m
[32m[nodemon] starting `node server.js`[39m
Сервер запущен на порту 8080
[32m[nodemon] restarting due to changes...[39m
[32m[nodemon] starting `node server.js`[39m
[32m[nodemon] restarting due to changes...[39m
[32m[nodemon] starting `node server.js`[39m
Сервер запущен на порту 8080
[32m[nodemon] restarting due to changes...[39m
[32m[nodemon] starting `node server.js`[39m
Сервер запущен на порту 8080
[32m[nodemon] restarting due to changes...[39m
[32m[nodemon] starting `node server.js`[39m
Сервер запущен на порту 8080
[32m[nodemon] restarting due to changes...[39m
[32m[nodemon] starting `node server.js`[39m
Сервер запущен на порту 8080
[32m[nodemon] restarting due to changes...[39m
[32m[nodemon] starting `node server.js`[39m
Сервер запущен на порту 8080
[32m[nodemon] restarting due to changes...[39m
[32m[nodemon] starting `node server.js`[39m
[32m[nodemon] restarting due to changes...[39m
[32m[nodemon] starting `node server.js`[39m
Сервер запущен на порту 8080
